Copyright 1986-2022 Xilinx, Inc. All Rights Reserved. Copyright 2022-2025 Advanced Micro Devices, Inc. All Rights Reserved.
--------------------------------------------------------------------------------------------------------------------------------------------------------------------------
| Tool Version : Vivado v.2025.1 (win64) Build 6140274 Thu May 22 00:12:29 MDT 2025
| Date         : Sun Mar 22 01:08:18 2026
| Host         : Bonita running 64-bit major release  (build 9200)
| Command      : report_methodology -file top_clk_test_methodology_drc_routed.rpt -pb top_clk_test_methodology_drc_routed.pb -rpx top_clk_test_methodology_drc_routed.rpx
| Design       : top_clk_test
| Device       : xc7s50csga324-1
| Speed File   : -1
| Design State : Fully Routed
--------------------------------------------------------------------------------------------------------------------------------------------------------------------------

Report Methodology

Table of Contents
-----------------
1. REPORT SUMMARY
2. REPORT DETAILS

1. REPORT SUMMARY
-----------------
            Netlist: netlist
          Floorplan: design_1
      Design limits: <entire design considered>
             Max checks: <unlimited>
             Checks found: 2
+--------+----------+--------------------------------------------------------+--------+
| Rule   | Severity | Description                                            | Checks |
+--------+----------+--------------------------------------------------------+--------+
| XDCC-1 | Warning  | Scoped Clock constraint overwritten with the same name | 1      |
| XDCC-7 | Warning  | Scoped Clock constraint overwritten on the same source | 1      |
+--------+----------+--------------------------------------------------------+--------+

2. REPORT DETAILS
-----------------
XDCC-1#1 Warning
Scoped Clock constraint overwritten with the same name  
A new clock constraint create_clock overrides a previous scoped clock constraint with the same name. It is not recommended to override a scoped (typically an IP) clock constraint and could result in unexpected behaviors.
New: create_clock -period 10.000 -name sys_clk [get_ports sys_clk] (Source: C:/FPGA_Projects/Simple_Net/src/constraints/urbana_s7.xdc (Line: 3))
Previous: create_clock -period 10.000 [get_ports sys_clk] (Source: c:/FPGA_Projects/Simple_Net/simple_net/simple_net.gen/sources_1/ip/clk_wiz_0/clk_wiz_0.xdc (Line: 53))
Related violations: <none>

XDCC-7#1 Warning
Scoped Clock constraint overwritten on the same source  
A new clock constraint create_clock overrides a previous scoped clock constraint defined on the same source. It is not recommended to override a scoped (typically an IP) clock constraint and could result in unexpected behaviors.
New: create_clock -period 10.000 -name sys_clk [get_ports sys_clk] (Source: C:/FPGA_Projects/Simple_Net/src/constraints/urbana_s7.xdc (Line: 3))
Previous: create_clock -period 10.000 [get_ports sys_clk] (Source: c:/FPGA_Projects/Simple_Net/simple_net/simple_net.gen/sources_1/ip/clk_wiz_0/clk_wiz_0.xdc (Line: 53))
Related violations: <none>


